
heart@DESKTOP-AE873ES MINGW64 /d/zemoso/learning/git/day1-4/git-katas/rebase-bra
$ source setup.sh
Initialized empty Git repository in D:/zemoso/learning/git/day1-4/git-katas/reba
[master (root-commit) c472f86] Add file greeting.txt
 1 file changed, 0 insertions(+), 0 deletions(-)
 create mode 100644 greeting.txt
warning: in the working copy of 'greeting.txt', LF will be replaced by CRLF the
[master 5daf3c3] Add content to greeting.txt
 1 file changed, 1 insertion(+)
Switched to a new branch 'uppercase'
warning: in the working copy of 'greeting.txt', LF will be replaced by CRLF the
[uppercase 7666b8a] Change greeting to uppercase
 1 file changed, 1 insertion(+), 1 deletion(-)
Switched to branch 'master'
warning: in the working copy of 'README.md', LF will be replaced by CRLF the nex
[master 83a2d35] Add readme
 1 file changed, 1 insertion(+)
 create mode 100644 README.md

heart@DESKTOP-AE873ES MINGW64 /d/zemoso/learning/git/day1-4/git-katas/rebase-bra
$ git branch
* master
  uppercase

heart@DESKTOP-AE873ES MINGW64 /d/zemoso/learning/git/day1-4/git-katas/rebase-branch/exercise (master)
$ git log
commit 83a2d3580652751af3fb245d1d2215e04d3473f8 (HEAD -> master)
Author: Nithin <nithin.vanamala@zemosolabs.com>
Date:   Wed Nov 9 20:26:56 2022 +0530

    Add readme

commit 5daf3c363943deed74c65d6df349d6245b1f2175
Author: Nithin <nithin.vanamala@zemosolabs.com>
Date:   Wed Nov 9 20:26:55 2022 +0530

    Add content to greeting.txt

commit c472f8684d87437581633e36596223c4d33a92be
Author: Nithin <nithin.vanamala@zemosolabs.com>
Date:   Wed Nov 9 20:26:55 2022 +0530

    Add file greeting.txt

heart@DESKTOP-AE873ES MINGW64 /d/zemoso/learning/git/day1-4/git-katas/rebase-branch/exercise (master)
$ git switch uppercase
Switched to branch 'uppercase'

heart@DESKTOP-AE873ES MINGW64 /d/zemoso/learning/git/day1-4/git-katas/rebase-branch/exercise (uppercase)
$ git log
commit 7666b8a6832e2382f23c67a52f37296b77ed6f7b (HEAD -> uppercase)
Author: Nithin <nithin.vanamala@zemosolabs.com>
Date:   Wed Nov 9 20:26:55 2022 +0530

    Change greeting to uppercase

commit 5daf3c363943deed74c65d6df349d6245b1f2175
Author: Nithin <nithin.vanamala@zemosolabs.com>
Date:   Wed Nov 9 20:26:55 2022 +0530

    Add content to greeting.txt

commit c472f8684d87437581633e36596223c4d33a92be
Author: Nithin <nithin.vanamala@zemosolabs.com>
Date:   Wed Nov 9 20:26:55 2022 +0530

    Add file greeting.txt

heart@DESKTOP-AE873ES MINGW64 /d/zemoso/learning/git/day1-4/git-katas/rebase-branch/exercise (uppercase)
$ git rebase master
Successfully rebased and updated refs/heads/uppercase.

heart@DESKTOP-AE873ES MINGW64 /d/zemoso/learning/git/day1-4/git-katas/rebase-branch/exercise (uppercase)
$ git log
commit 7946652b53c0dc36ca508de892209cadf0889f01 (HEAD -> uppercase)
Author: Nithin <nithin.vanamala@zemosolabs.com>
Date:   Wed Nov 9 20:26:55 2022 +0530

    Change greeting to uppercase

commit 83a2d3580652751af3fb245d1d2215e04d3473f8 (master)
Author: Nithin <nithin.vanamala@zemosolabs.com>
Date:   Wed Nov 9 20:26:56 2022 +0530

    Add readme

commit 5daf3c363943deed74c65d6df349d6245b1f2175
Author: Nithin <nithin.vanamala@zemosolabs.com>
Date:   Wed Nov 9 20:26:55 2022 +0530

    Add content to greeting.txt

commit c472f8684d87437581633e36596223c4d33a92be
Author: Nithin <nithin.vanamala@zemosolabs.com>
Date:   Wed Nov 9 20:26:55 2022 +0530

    Add file greeting.txt

heart@DESKTOP-AE873ES MINGW64 /d/zemoso/learning/git/day1-4/git-katas/rebase-branch/exercise (uppercase)
$ ls
README.md  greeting.txt

heart@DESKTOP-AE873ES MINGW64 /d/zemoso/learning/git/day1-4/git-katas/rebase-branch/exercise (uppercase)
$ cat README.md
Greetings library

heart@DESKTOP-AE873ES MINGW64 /d/zemoso/learning/git/day1-4/git-katas/rebase-branch/exercise (uppercase)
$ cat greeting.txt
HELLO

heart@DESKTOP-AE873ES MINGW64 /d/zemoso/learning/git/day1-4/git-katas/rebase-branch/exercise (uppercase)
$ git switch master
Switched to branch 'master'

heart@DESKTOP-AE873ES MINGW64 /d/zemoso/learning/git/day1-4/git-katas/rebase-branch/exercise (master)
$ cat greeting.txt
hello

heart@DESKTOP-AE873ES MINGW64 /d/zemoso/learning/git/day1-4/git-katas/rebase-branch/exercise (master)
$ git merge uppercase
Updating 83a2d35..7946652
Fast-forward
 greeting.txt | 2 +-
 1 file changed, 1 insertion(+), 1 deletion(-)

heart@DESKTOP-AE873ES MINGW64 /d/zemoso/learning/git/day1-4/git-katas/rebase-branch/exercise (master)
$ cat greeting.txt
HELLO

heart@DESKTOP-AE873ES MINGW64 /d/zemoso/learning/git/day1-4/git-katas/rebase-branch/exercise (master)
$ git log
commit 7946652b53c0dc36ca508de892209cadf0889f01 (HEAD -> master, uppercase)
Author: Nithin <nithin.vanamala@zemosolabs.com>
Date:   Wed Nov 9 20:26:55 2022 +0530

    Change greeting to uppercase

commit 83a2d3580652751af3fb245d1d2215e04d3473f8
Author: Nithin <nithin.vanamala@zemosolabs.com>
Date:   Wed Nov 9 20:26:56 2022 +0530

    Add readme

commit 5daf3c363943deed74c65d6df349d6245b1f2175
Author: Nithin <nithin.vanamala@zemosolabs.com>
Date:   Wed Nov 9 20:26:55 2022 +0530

    Add content to greeting.txt

commit c472f8684d87437581633e36596223c4d33a92be
Author: Nithin <nithin.vanamala@zemosolabs.com>
Date:   Wed Nov 9 20:26:55 2022 +0530

    Add file greeting.txt

heart@DESKTOP-AE873ES MINGW64 /d/zemoso/learning/git/day1-4/git-katas/rebase-branch/exercise (master)
$ git log --oneline --graph --all
* 7946652 (HEAD -> master, uppercase) Change greeting to uppercase
* 83a2d35 Add readme
* 5daf3c3 Add content to greeting.txt
* c472f86 Add file greeting.txt

heart@DESKTOP-AE873ES MINGW64 /d/zemoso/learning/git/day1-4/git-katas/rebase-branch/exercise (master)
$ cd ..

heart@DESKTOP-AE873ES MINGW64 /d/zemoso/learning/git/day1-4/git-katas/rebase-branch (master)
$ cd ..

heart@DESKTOP-AE873ES MINGW64 /d/zemoso/learning/git/day1-4/git-katas (master)
$ cd basic-revert'
> q
> '
bash: cd: $'basic-revert\nq\n': No such file or directory

heart@DESKTOP-AE873ES MINGW64 /d/zemoso/learning/git/day1-4/git-katas (master)
$ cd basic-revert

heart@DESKTOP-AE873ES MINGW64 /d/zemoso/learning/git/day1-4/git-katas/basic-revert (master)
$ source setup.sh
Initialized empty Git repository in D:/zemoso/learning/git/day1-4/git-katas/basic-revert/exercise/.git/
Successfully configured local username and email
Successfully disable local GPG signing
[master (root-commit) 4376f31] Add file greeting.txt
 1 file changed, 0 insertions(+), 0 deletions(-)
 create mode 100644 greeting.txt
warning: in the working copy of 'credentials.txt', LF will be replaced by CRLF the next time Git touches it
[master 5bd74b5] Add credentials to repository
 1 file changed, 1 insertion(+)
 create mode 100644 credentials.txt
warning: in the working copy of 'greeting.txt', LF will be replaced by CRLF the next time Git touches it
[master 40548ff] Add content to greeting.txt
 1 file changed, 1 insertion(+)
warning: in the working copy of 'greeting.txt', LF will be replaced by CRLF the next time Git touches it
[master d20ae1e] Overwrite greeting.txt
 1 file changed, 1 insertion(+), 1 deletion(-)
Successfully unset local username and email
Successfully unset local GPG signing

heart@DESKTOP-AE873ES MINGW64 /d/zemoso/learning/git/day1-4/git-katas/basic-revert/exercise (master)
$ git log
commit d20ae1e5636072b2e65c024f839c00cbcbca21be (HEAD -> master)
Author: git-katas trainer bot <git-katas@example.com>
Date:   Wed Nov 9 20:48:13 2022 +0530

    Overwrite greeting.txt

commit 40548ff7160e48d6789775706952d8e208f6d89e
Author: git-katas trainer bot <git-katas@example.com>
Date:   Wed Nov 9 20:48:13 2022 +0530

    Add content to greeting.txt

commit 5bd74b52051c9a2df70aa4003bda929f1c314e77
Author: git-katas trainer bot <git-katas@example.com>
Date:   Wed Nov 9 20:48:13 2022 +0530

    Add credentials to repository

commit 4376f31ab50ff87c476154ebedd7305096a18aab
Author: git-katas trainer bot <git-katas@example.com>
Date:   Wed Nov 9 20:48:12 2022 +0530

    Add file greeting.txt

heart@DESKTOP-AE873ES MINGW64 /d/zemoso/learning/git/day1-4/git-katas/basic-revert/exercise (master)
$ cat greetings.txt
cat: greetings.txt: No such file or directory

heart@DESKTOP-AE873ES MINGW64 /d/zemoso/learning/git/day1-4/git-katas/basic-revert/exercise (master)
$ cat greeting.txt
This should have been appended to the original content, rather than overwriting it.

heart@DESKTOP-AE873ES MINGW64 /d/zemoso/learning/git/day1-4/git-katas/basic-revert/exercise (master)
$ ls
credentials.txt  greeting.txt

heart@DESKTOP-AE873ES MINGW64 /d/zemoso/learning/git/day1-4/git-katas/basic-revert/exercise (master)
$ cat credintials.txt
cat: credintials.txt: No such file or directory

heart@DESKTOP-AE873ES MINGW64 /d/zemoso/learning/git/day1-4/git-katas/basic-revert/exercise (master)
$ cat credentials.txt
supersecretpassword

heart@DESKTOP-AE873ES MINGW64 /d/zemoso/learning/git/day1-4/git-katas/basic-revert/exercise (master)
$ git revert d20ae1e5636072b2e65c024f839c00cbcbca21be
hint: Waiting for your editor to close the file... unix2dos: converting file D:/zemoso/learning/git/day1-4/git-katas/basic-revert/exercise/.git/COMMIT_EDITMSG to DOS format...
dos2unix: converting file D:/zemoso/learning/git/day1-4/git-katas/basic-revert/exercise/.git/COMMIT_EDITMSG to Unix format...
[master bfe7412] Revert "Overwrite greeting.txt"
 1 file changed, 1 insertion(+), 1 deletion(-)

heart@DESKTOP-AE873ES MINGW64 /d/zemoso/learning/git/day1-4/git-katas/basic-revert/exercise (master)
$ git log --oneline
bfe7412 (HEAD -> master) Revert "Overwrite greeting.txt"
d20ae1e Overwrite greeting.txt
40548ff Add content to greeting.txt
5bd74b5 Add credentials to repository
4376f31 Add file greeting.txt

heart@DESKTOP-AE873ES MINGW64 /d/zemoso/learning/git/day1-4/git-katas/basic-revert/exercise (master)
$ git log
commit bfe7412c6c41bf6ccd56963725e06d86ef3ace85 (HEAD -> master)
Author: Nithin <nithin.vanamala@zemosolabs.com>
Date:   Wed Nov 9 20:50:01 2022 +0530

    Revert "Overwrite greeting.txt"

    This reverts commit d20ae1e5636072b2e65c024f839c00cbcbca21be.

    last commit reverted

commit d20ae1e5636072b2e65c024f839c00cbcbca21be
Author: git-katas trainer bot <git-katas@example.com>
Date:   Wed Nov 9 20:48:13 2022 +0530

    Overwrite greeting.txt

commit 40548ff7160e48d6789775706952d8e208f6d89e
Author: git-katas trainer bot <git-katas@example.com>
Date:   Wed Nov 9 20:48:13 2022 +0530

    Add content to greeting.txt

commit 5bd74b52051c9a2df70aa4003bda929f1c314e77
Author: git-katas trainer bot <git-katas@example.com>
Date:   Wed Nov 9 20:48:13 2022 +0530

    Add credentials to repository

commit 4376f31ab50ff87c476154ebedd7305096a18aab
Author: git-katas trainer bot <git-katas@example.com>
Date:   Wed Nov 9 20:48:12 2022 +0530

    Add file greeting.txt

heart@DESKTOP-AE873ES MINGW64 /d/zemoso/learning/git/day1-4/git-katas/basic-revert/exercise (master)
$ cat greeting.txt
Original file content

heart@DESKTOP-AE873ES MINGW64 /d/zemoso/learning/git/day1-4/git-katas/basic-revert/exercise (master)
$ ls
credentials.txt  greeting.txt

heart@DESKTOP-AE873ES MINGW64 /d/zemoso/learning/git/day1-4/git-katas/basic-revert/exercise (master)
$ git log
commit bfe7412c6c41bf6ccd56963725e06d86ef3ace85 (HEAD -> master)
Author: Nithin <nithin.vanamala@zemosolabs.com>
Date:   Wed Nov 9 20:50:01 2022 +0530

    Revert "Overwrite greeting.txt"

    This reverts commit d20ae1e5636072b2e65c024f839c00cbcbca21be.

    last commit reverted

commit d20ae1e5636072b2e65c024f839c00cbcbca21be
Author: git-katas trainer bot <git-katas@example.com>
Date:   Wed Nov 9 20:48:13 2022 +0530

    Overwrite greeting.txt

commit 40548ff7160e48d6789775706952d8e208f6d89e
Author: git-katas trainer bot <git-katas@example.com>
Date:   Wed Nov 9 20:48:13 2022 +0530

    Add content to greeting.txt

commit 5bd74b52051c9a2df70aa4003bda929f1c314e77
Author: git-katas trainer bot <git-katas@example.com>
Date:   Wed Nov 9 20:48:13 2022 +0530

    Add credentials to repository

commit 4376f31ab50ff87c476154ebedd7305096a18aab
Author: git-katas trainer bot <git-katas@example.com>
Date:   Wed Nov 9 20:48:12 2022 +0530

    Add file greeting.txt

heart@DESKTOP-AE873ES MINGW64 /d/zemoso/learning/git/day1-4/git-katas/basic-revert/exercise (master)
$ git revert 5bd74b52051c9a2df70aa4003bda929f1c314e77
hint: Waiting for your editor to close the file... unix2dos: converting file D:/zemoso/learning/git/day1-4/git-katas/basic-revert/exercise/.git/COMMIT_EDITMSG to DOS format...
dos2unix: converting file D:/zemoso/learning/git/day1-4/git-katas/basic-revert/exercise/.git/COMMIT_EDITMSG to Unix format...
[master 8acd2ff] Revert "Add credentials to repository"
 1 file changed, 1 deletion(-)
 delete mode 100644 credentials.txt

heart@DESKTOP-AE873ES MINGW64 /d/zemoso/learning/git/day1-4/git-katas/basic-revert/exercise (master)
$ git log
commit 8acd2ff3f1aa9624ab9ef16b99680ff23b0d0990 (HEAD -> master)
Author: Nithin <nithin.vanamala@zemosolabs.com>
Date:   Wed Nov 9 20:51:54 2022 +0530

    Revert "Add credentials to repository"

    This reverts commit 5bd74b52051c9a2df70aa4003bda929f1c314e77.

    credentials reverted

commit bfe7412c6c41bf6ccd56963725e06d86ef3ace85
Author: Nithin <nithin.vanamala@zemosolabs.com>
Date:   Wed Nov 9 20:50:01 2022 +0530

    Revert "Overwrite greeting.txt"

    This reverts commit d20ae1e5636072b2e65c024f839c00cbcbca21be.

    last commit reverted

commit d20ae1e5636072b2e65c024f839c00cbcbca21be
Author: git-katas trainer bot <git-katas@example.com>
Date:   Wed Nov 9 20:48:13 2022 +0530

    Overwrite greeting.txt

commit 40548ff7160e48d6789775706952d8e208f6d89e
Author: git-katas trainer bot <git-katas@example.com>
Date:   Wed Nov 9 20:48:13 2022 +0530

    Add content to greeting.txt

commit 5bd74b52051c9a2df70aa4003bda929f1c314e77
Author: git-katas trainer bot <git-katas@example.com>
Date:   Wed Nov 9 20:48:13 2022 +0530

heart@DESKTOP-AE873ES MINGW64 /d/zemoso/learning/git/day1-4/git-katas/basic-revert/exercise (master)
$

heart@DESKTOP-AE873ES MINGW64 /d/zemoso/learning/git/day1-4/git-katas/basic-revert/exercise (master)
$ ls
greeting.txt

heart@DESKTOP-AE873ES MINGW64 /d/zemoso/learning/git/day1-4/git-katas/basic-revert/exercise (master)
$ git show 5bd74b52051c9a2df70aa4003bda929f1c314e77
commit 5bd74b52051c9a2df70aa4003bda929f1c314e77
Author: git-katas trainer bot <git-katas@example.com>
Date:   Wed Nov 9 20:48:13 2022 +0530

    Add credentials to repository

diff --git a/credentials.txt b/credentials.txt
new file mode 100644
index 0000000..8995708
--- /dev/null
+++ b/credentials.txt
@@ -0,0 +1 @@
+supersecretpassword

heart@DESKTOP-AE873ES MINGW64 /d/zemoso/learning/git/day1-4/git-katas/basic-revert/exercise (master)
$ git status
On branch master
nothing to commit, working tree clean

heart@DESKTOP-AE873ES MINGW64 /d/zemoso/learning/git/day1-4/git-katas/basic-revert/exercise (master)
$
