
heart@DESKTOP-AE873ES MINGW64 /d/zemoso/learning/git/day1-2/git-katas/merge-conflict (greeting)
$ source setup.sh
Initialized empty Git repository in D:/zemoso/learning/git/day1-2/git-katas/merge-conflict/exercise/.git/
[master (root-commit) 078e3bf] Add file greeting.txt
 1 file changed, 0 insertions(+), 0 deletions(-)
 create mode 100644 greeting.txt
warning: in the working copy of 'greeting.txt', LF will be replaced by CRLF the next time Git touches it
[master b53ed45] Add content to greeting.txt
 1 file changed, 1 insertion(+)
Switched to a new branch 'merge-conflict-branch1'
warning: in the working copy of 'file.txt', LF will be replaced by CRLF the next time Git touches it
[merge-conflict-branch1 9ba4c6c] add relevant fact
 1 file changed, 1 insertion(+)
 create mode 100644 file.txt
Switched to branch 'master'
warning: in the working copy of 'file.txt', LF will be replaced by CRLF the next time Git touches it
[master d1328de] add indispensable truth!
 1 file changed, 1 insertion(+)
 create mode 100644 file.txt

heart@DESKTOP-AE873ES MINGW64 /d/zemoso/learning/git/day1-2/git-katas/merge-conflict/exercise (master)
$ source setup.sh
bash: setup.sh: No such file or directory

heart@DESKTOP-AE873ES MINGW64 /d/zemoso/learning/git/day1-2/git-katas/merge-conflict/exercise (master)
$ cd ..

heart@DESKTOP-AE873ES MINGW64 /d/zemoso/learning/git/day1-2/git-katas/merge-conflict (greeting)
$ cd ..

heart@DESKTOP-AE873ES MINGW64 /d/zemoso/learning/git/day1-2/git-katas (greeting)
$ cd merge-conflict

heart@DESKTOP-AE873ES MINGW64 /d/zemoso/learning/git/day1-2/git-katas/merge-conflict (greeting)
$ source setup.sh
Initialized empty Git repository in D:/zemoso/learning/git/day1-2/git-katas/merge-conflict/exercise/.git/
[master (root-commit) a33a161] Add file greeting.txt
 1 file changed, 0 insertions(+), 0 deletions(-)
 create mode 100644 greeting.txt
warning: in the working copy of 'greeting.txt', LF will be replaced by CRLF the next time Git touches it
[master f43b73b] Add content to greeting.txt
 1 file changed, 1 insertion(+)
Switched to a new branch 'merge-conflict-branch1'
warning: in the working copy of 'file.txt', LF will be replaced by CRLF the next time Git touches it
[merge-conflict-branch1 ed1fcb1] add relevant fact
 1 file changed, 1 insertion(+)
 create mode 100644 file.txt
Switched to branch 'master'
warning: in the working copy of 'file.txt', LF will be replaced by CRLF the next time Git touches it
[master d5ac6eb] add indispensable truth!
 1 file changed, 1 insertion(+)
 create mode 100644 file.txt

heart@DESKTOP-AE873ES MINGW64 /d/zemoso/learning/git/day1-2/git-katas/merge-conflict/exercise (master)
$ git branch
* master
  merge-conflict-branch1

heart@DESKTOP-AE873ES MINGW64 /d/zemoso/learning/git/day1-2/git-katas/merge-conflict/exercise (master)
$ git merge merge-conflict-branch1
Auto-merging file.txt
CONFLICT (add/add): Merge conflict in file.txt
Automatic merge failed; fix conflicts and then commit the result.

heart@DESKTOP-AE873ES MINGW64 /d/zemoso/learning/git/day1-2/git-katas/merge-conflict/exercise (master|MERGING)
$ git status
On branch master
You have unmerged paths.
  (fix conflicts and run "git commit")
  (use "git merge --abort" to abort the merge)

Unmerged paths:
  (use "git add <file>..." to mark resolution)
        both added:      file.txt

no changes added to commit (use "git add" and/or "git commit -a")

heart@DESKTOP-AE873ES MINGW64 /d/zemoso/learning/git/day1-2/git-katas/merge-conflict/exercise (master|MERGING)
$ git switch merge-conflict-brach1
fatal: invalid reference: merge-conflict-brach1

heart@DESKTOP-AE873ES MINGW64 /d/zemoso/learning/git/day1-2/git-katas/merge-conflict/exercise (master|MERGING)
$ git switch merge-conflict-branch1
fatal: cannot switch branch while merging
Consider "git merge --quit" or "git worktree add".

heart@DESKTOP-AE873ES MINGW64 /d/zemoso/learning/git/day1-2/git-katas/merge-conflict/exercise (master|MERGING)
$ git merge --quit

heart@DESKTOP-AE873ES MINGW64 /d/zemoso/learning/git/day1-2/git-katas/merge-conflict/exercise (master)
$ git switch merge-conflict-branch1
error: you need to resolve your current index first
file.txt: needs merge

heart@DESKTOP-AE873ES MINGW64 /d/zemoso/learning/git/day1-2/git-katas/merge-conflict/exercise (master)
$ ls -la
total 6
drwxr-xr-x 1 heart 197609   0 Nov  9 14:50 ./
drwxr-xr-x 1 heart 197609   0 Nov  9 14:46 ../
drwxr-xr-x 1 heart 197609   0 Nov  9 14:55 .git/
-rw-r--r-- 1 heart 197609 113 Nov  9 14:50 file.txt
-rw-r--r-- 1 heart 197609   6 Nov  9 14:46 greeting.txt

heart@DESKTOP-AE873ES MINGW64 /d/zemoso/learning/git/day1-2/git-katas/merge-conflict/exercise (master)
$ cat file.txt
<<<<<<< HEAD
This is an indispensable truth!
=======
This is a relevant fact
>>>>>>> merge-conflict-branch1

heart@DESKTOP-AE873ES MINGW64 /d/zemoso/learning/git/day1-2/git-katas/merge-conflict/exercise (master)
$ cat greeting.txt
hello

heart@DESKTOP-AE873ES MINGW64 /d/zemoso/learning/git/day1-2/git-katas/merge-conflict/exercise (master)
$ ^C

heart@DESKTOP-AE873ES MINGW64 /d/zemoso/learning/git/day1-2/git-katas/merge-conflict/exercise (master)
$ git add -A

heart@DESKTOP-AE873ES MINGW64 /d/zemoso/learning/git/day1-2/git-katas/merge-conflict/exercise (master)
$ git commit -m "1st commit"
[master 2e5b18b] 1st commit
 1 file changed, 4 insertions(+)

heart@DESKTOP-AE873ES MINGW64 /d/zemoso/learning/git/day1-2/git-katas/merge-conflict/exercise (master)
$ git switch merge-conflict-branch1
Switched to branch 'merge-conflict-branch1'

heart@DESKTOP-AE873ES MINGW64 /d/zemoso/learning/git/day1-2/git-katas/merge-conflict/exercise (merge-conflict-branch1)
$ ls -la
total 6
drwxr-xr-x 1 heart 197609  0 Nov  9 14:58 ./
drwxr-xr-x 1 heart 197609  0 Nov  9 14:46 ../
drwxr-xr-x 1 heart 197609  0 Nov  9 14:58 .git/
-rw-r--r-- 1 heart 197609 25 Nov  9 14:58 file.txt
-rw-r--r-- 1 heart 197609  6 Nov  9 14:46 greeting.txt

heart@DESKTOP-AE873ES MINGW64 /d/zemoso/learning/git/day1-2/git-katas/merge-conflict/exercise (merge-conflict-branch1)
$ git add -A

heart@DESKTOP-AE873ES MINGW64 /d/zemoso/learning/git/day1-2/git-katas/merge-conflict/exercise (merge-conflict-branch1)
$ git commit -m "2nd commit:
> "
On branch merge-conflict-branch1
nothing to commit, working tree clean

heart@DESKTOP-AE873ES MINGW64 /d/zemoso/learning/git/day1-2/git-katas/merge-conflict/exercise (merge-conflict-branch1)
$ git commit -m "2nd commit"
On branch merge-conflict-branch1
nothing to commit, working tree clean

heart@DESKTOP-AE873ES MINGW64 /d/zemoso/learning/git/day1-2/git-katas/merge-conflict/exercise (merge-conflict-branch1)
$ git status
On branch merge-conflict-branch1
nothing to commit, working tree clean

heart@DESKTOP-AE873ES MINGW64 /d/zemoso/learning/git/day1-2/git-katas/merge-conflict/exercise (merge-conflict-branch1)
$ ls
file.txt  greeting.txt

heart@DESKTOP-AE873ES MINGW64 /d/zemoso/learning/git/day1-2/git-katas/merge-conflict/exercise (merge-conflict-branch1)
$ cat file.txt
This is a relevant fact

heart@DESKTOP-AE873ES MINGW64 /d/zemoso/learning/git/day1-2/git-katas/merge-conflict/exercise (merge-conflict-branch1)
$ cat greeting.txt
hello

heart@DESKTOP-AE873ES MINGW64 /d/zemoso/learning/git/day1-2/git-katas/merge-conflict/exercise (merge-conflict-branch1)
$ git switch master
Switched to branch 'master'

heart@DESKTOP-AE873ES MINGW64 /d/zemoso/learning/git/day1-2/git-katas/merge-conflict/exercise (master)
$ git merge merge-conflict-branch1
Auto-merging file.txt
CONFLICT (add/add): Merge conflict in file.txt
Automatic merge failed; fix conflicts and then commit the result.

heart@DESKTOP-AE873ES MINGW64 /d/zemoso/learning/git/day1-2/git-katas/merge-conflict/exercise (master|MERGING)
$ git status
On branch master
You have unmerged paths.
  (fix conflicts and run "git commit")
  (use "git merge --abort" to abort the merge)

Unmerged paths:
  (use "git add <file>..." to mark resolution)
        both added:      file.txt

no changes added to commit (use "git add" and/or "git commit -a")

heart@DESKTOP-AE873ES MINGW64 /d/zemoso/learning/git/day1-2/git-katas/merge-conflict/exercise (master|MERGING)
$ git merge --quit

heart@DESKTOP-AE873ES MINGW64 /d/zemoso/learning/git/day1-2/git-katas/merge-conflict/exercise (master)
$ echo "hello master" > file.txt

heart@DESKTOP-AE873ES MINGW64 /d/zemoso/learning/git/day1-2/git-katas/merge-conflict/exercise (master)
$ git switch merge-conflict-branch1
error: you need to resolve your current index first
file.txt: needs merge

heart@DESKTOP-AE873ES MINGW64 /d/zemoso/learning/git/day1-2/git-katas/merge-conflict/exercise (master)
$ git add file.txt
warning: in the working copy of 'file.txt', LF will be replaced by CRLF the next time Git touches it

heart@DESKTOP-AE873ES MINGW64 /d/zemoso/learning/git/day1-2/git-katas/merge-conflict/exercise (master)
$ git commit -m "1st commit"
[master 1feb774] 1st commit
 1 file changed, 1 insertion(+), 5 deletions(-)

heart@DESKTOP-AE873ES MINGW64 /d/zemoso/learning/git/day1-2/git-katas/merge-conflict/exercise (master)
$ git switch merge-conflixt-branch1
fatal: invalid reference: merge-conflixt-branch1

heart@DESKTOP-AE873ES MINGW64 /d/zemoso/learning/git/day1-2/git-katas/merge-conflict/exercise (master)
$ git switch merge-conflict-branch1
Switched to branch 'merge-conflict-branch1'

heart@DESKTOP-AE873ES MINGW64 /d/zemoso/learning/git/day1-2/git-katas/merge-conflict/exercise (merge-conflict-branch1)
$ echo "hello merge-conflict " >file2.txt

heart@DESKTOP-AE873ES MINGW64 /d/zemoso/learning/git/day1-2/git-katas/merge-conflict/exercise (merge-conflict-branch1)
$ echo "hello merge-conflict " >file1.txt

heart@DESKTOP-AE873ES MINGW64 /d/zemoso/learning/git/day1-2/git-katas/merge-conflict/exercise (merge-conflict-branch1)
$ ls
file.txt  file1.txt  file2.txt  greeting.txt

heart@DESKTOP-AE873ES MINGW64 /d/zemoso/learning/git/day1-2/git-katas/merge-conflict/exercise (merge-conflict-branch1)
$ echo "hello merge-conflict " >file.txt

heart@DESKTOP-AE873ES MINGW64 /d/zemoso/learning/git/day1-2/git-katas/merge-conflict/exercise (merge-conflict-branch1)
$ git add -A
warning: in the working copy of 'file.txt', LF will be replaced by CRLF the next time Git touches it
warning: in the working copy of 'file1.txt', LF will be replaced by CRLF the next time Git touches it
warning: in the working copy of 'file2.txt', LF will be replaced by CRLF the next time Git touches it

heart@DESKTOP-AE873ES MINGW64 /d/zemoso/learning/git/day1-2/git-katas/merge-conflict/exercise (merge-conflict-branch1)
$ git commit -m "2nd commit"
[merge-conflict-branch1 7574808] 2nd commit
 3 files changed, 3 insertions(+), 1 deletion(-)
 create mode 100644 file1.txt
 create mode 100644 file2.txt

heart@DESKTOP-AE873ES MINGW64 /d/zemoso/learning/git/day1-2/git-katas/merge-conflict/exercise (merge-conflict-branch1)
$ git switch master
Switched to branch 'master'

heart@DESKTOP-AE873ES MINGW64 /d/zemoso/learning/git/day1-2/git-katas/merge-conflict/exercise (master)
$ git merge merge-conflict-branch1
Auto-merging file.txt
CONFLICT (add/add): Merge conflict in file.txt
Automatic merge failed; fix conflicts and then commit the result.

heart@DESKTOP-AE873ES MINGW64 /d/zemoso/learning/git/day1-2/git-katas/merge-conflict/exercise (master|MERGING)
$ cat file.txt
<<<<<<< HEAD
hello master
=======
hello merge-conflict
>>>>>>> merge-conflict-branch1

heart@DESKTOP-AE873ES MINGW64 /d/zemoso/learning/git/day1-2/git-katas/merge-conflict/exercise (master|MERGING)
$ echo "hi" >file.txt

heart@DESKTOP-AE873ES MINGW64 /d/zemoso/learning/git/day1-2/git-katas/merge-conflict/exercise (master|MERGING)
$ cat file.txt
hi

heart@DESKTOP-AE873ES MINGW64 /d/zemoso/learning/git/day1-2/git-katas/merge-conflict/exercise (master|MERGING)
$ git merge merge-conflict-branch1
error: Merging is not possible because you have unmerged files.
hint: Fix them up in the work tree, and then use 'git add/rm <file>'
hint: as appropriate to mark resolution and make a commit.
fatal: Exiting because of an unresolved conflict.

heart@DESKTOP-AE873ES MINGW64 /d/zemoso/learning/git/day1-2/git-katas/merge-conflict/exercise (master|MERGING)
$ git add -A
warning: in the working copy of 'file.txt', LF will be replaced by CRLF the next time Git touches it

heart@DESKTOP-AE873ES MINGW64 /d/zemoso/learning/git/day1-2/git-katas/merge-conflict/exercise (master|MERGING)
$ git commit -m "abcd"
[master 79ca568] abcd

heart@DESKTOP-AE873ES MINGW64 /d/zemoso/learning/git/day1-2/git-katas/merge-conflict/exercise (master)
$ git merge merge-conflict-branch1
Already up to date.

heart@DESKTOP-AE873ES MINGW64 /d/zemoso/learning/git/day1-2/git-katas/merge-conflict/exercise (master)
$ git status
On branch master
nothing to commit, working tree clean

heart@DESKTOP-AE873ES MINGW64 /d/zemoso/learning/git/day1-2/git-katas/merge-conflict/exercise (master)
$ git log --oneline --graph
*   79ca568 (HEAD -> master) abcd
|\
| * 7574808 (merge-conflict-branch1) 2nd commit
| * ed1fcb1 add relevant fact
* | 1feb774 1st commit
* | 2e5b18b 1st commit
* | d5ac6eb add indispensable truth!
|/
* f43b73b Add content to greeting.txt
* a33a161 Add file greeting.txt

heart@DESKTOP-AE873ES MINGW64 /d/zemoso/learning/git/day1-2/git-katas/merge-conflict/exercise (master)
$ git remote add origin https://github.com/Nithinvanamala/git-katas.git

heart@DESKTOP-AE873ES MINGW64 /d/zemoso/learning/git/day1-2/git-katas/merge-conflict/exercise (master)
$ git branch -M merge-conflict

heart@DESKTOP-AE873ES MINGW64 /d/zemoso/learning/git/day1-2/git-katas/merge-conflict/exercise (merge-conflict)
$ git push -u origin merge-conflict