
heart@DESKTOP-AE873ES MINGW64 /d/zemoso/learning/git/day1-3/git-katas/basic-stashing (master)
$ source setup.sh
Initialized empty Git repository in D:/zemoso/learning/git/day1-3/git-katas/basic-stashing/exercise/.git/
Successfully configured local username and email
Successfully disable local GPG signing
warning: in the working copy of 'file.txt', LF will be replaced by CRLF the next time Git touches it
[master (root-commit) 83bf9be] Initial commit
 2 files changed, 1 insertion(+)
 create mode 100644 file.txt
 create mode 100644 fix.txt
warning: in the working copy of 'bug.txt', LF will be replaced by CRLF the next time Git touches it
[master a63425f] add bug.txt
 1 file changed, 1 insertion(+)
 create mode 100644 bug.txt
warning: in the working copy of 'file.txt', LF will be replaced by CRLF the next time Git touches it
Successfully unset local username and email
Successfully unset local GPG signing

heart@DESKTOP-AE873ES MINGW64 /d/zemoso/learning/git/day1-3/git-katas/basic-stashing/exercise (master)
$ ls
bug.txt  file.txt  fix.txt

heart@DESKTOP-AE873ES MINGW64 /d/zemoso/learning/git/day1-3/git-katas/basic-stashing/exercise (master)
$ ls -a
./  ../  .git/  bug.txt  file.txt  fix.txt

heart@DESKTOP-AE873ES MINGW64 /d/zemoso/learning/git/day1-3/git-katas/basic-stashing/exercise (master)
$ git status
On branch master
Changes to be committed:
  (use "git restore --staged <file>..." to unstage)
        modified:   file.txt

Changes not staged for commit:
  (use "git add <file>..." to update what will be committed)
  (use "git restore <file>..." to discard changes in working directory)
        modified:   file.txt
        modified:   fix.txt


heart@DESKTOP-AE873ES MINGW64 /d/zemoso/learning/git/day1-3/git-katas/basic-stashing/exercise (master)
$ cat file.txt
Initial content of the file
some changes I made and staged
some changes I made and did not stage yet

heart@DESKTOP-AE873ES MINGW64 /d/zemoso/learning/git/day1-3/git-katas/basic-stashing/exercise (master)
$ git log
commit a63425fbb980b2c84af25a34bca521db17374c44 (HEAD -> master)
Author: git-katas trainer bot <git-katas@example.com>
Date:   Thu Nov 10 08:50:25 2022 +0530

    add bug.txt

commit 83bf9be0b63cb03825ead0162038091e6539c678
Author: git-katas trainer bot <git-katas@example.com>
Date:   Thu Nov 10 08:50:25 2022 +0530

    Initial commit

heart@DESKTOP-AE873ES MINGW64 /d/zemoso/learning/git/day1-3/git-katas/basic-stashing/exercise (master)
$ git stash
warning: in the working copy of 'file.txt', LF will be replaced by CRLF the next time Git touches it
warning: in the working copy of 'fix.txt', LF will be replaced by CRLF the next time Git touches it
Saved working directory and index state WIP on master: a63425f add bug.txt

heart@DESKTOP-AE873ES MINGW64 /d/zemoso/learning/git/day1-3/git-katas/basic-stashing/exercise (master)
$ ls -a
./  ../  .git/  bug.txt  file.txt  fix.txt

heart@DESKTOP-AE873ES MINGW64 /d/zemoso/learning/git/day1-3/git-katas/basic-stashing/exercise (master)
$ git status
On branch master
nothing to commit, working tree clean

heart@DESKTOP-AE873ES MINGW64 /d/zemoso/learning/git/day1-3/git-katas/basic-stashing/exercise (master)
$ git log --oneline
a63425f (HEAD -> master) add bug.txt
83bf9be Initial commit

heart@DESKTOP-AE873ES MINGW64 /d/zemoso/learning/git/day1-3/git-katas/basic-stashing/exercise (master)
$ git stash list
stash@{0}: WIP on master: a63425f add bug.txt

heart@DESKTOP-AE873ES MINGW64 /d/zemoso/learning/git/day1-3/git-katas/basic-stashing/exercise (master)
$ vim bug.txt

heart@DESKTOP-AE873ES MINGW64 /d/zemoso/learning/git/day1-3/git-katas/basic-stashing/exercise (master)
$ git add bug.txt
warning: in the working copy of 'bug.txt', LF will be replaced by CRLF the next time Git touches it

heart@DESKTOP-AE873ES MINGW64 /d/zemoso/learning/git/day1-3/git-katas/basic-stashing/exercise (master)
$ git commit -m "after stashing"
[master fb81b3b] after stashing
 1 file changed, 1 insertion(+), 1 deletion(-)

heart@DESKTOP-AE873ES MINGW64 /d/zemoso/learning/git/day1-3/git-katas/basic-stashing/exercise (master)
$ git stash master
fatal: subcommand wasn't specified; 'push' can't be assumed due to unexpected token 'master'

heart@DESKTOP-AE873ES MINGW64 /d/zemoso/learning/git/day1-3/git-katas/basic-stashing/exercise (master)
$ git stash apply
On branch master
Changes not staged for commit:
  (use "git add <file>..." to update what will be committed)
  (use "git restore <file>..." to discard changes in working directory)
        modified:   file.txt
        modified:   fix.txt

no changes added to commit (use "git add" and/or "git commit -a")

heart@DESKTOP-AE873ES MINGW64 /d/zemoso/learning/git/day1-3/git-katas/basic-stashing/exercise (master)
$ git reset --hard HEAD
HEAD is now at fb81b3b after stashing

heart@DESKTOP-AE873ES MINGW64 /d/zemoso/learning/git/day1-3/git-katas/basic-stashing/exercise (master)
$ git stash apply --index
On branch master
Changes to be committed:
  (use "git restore --staged <file>..." to unstage)
        modified:   file.txt

Changes not staged for commit:
  (use "git add <file>..." to update what will be committed)
  (use "git restore <file>..." to discard changes in working directory)
        modified:   file.txt
        modified:   fix.txt


heart@DESKTOP-AE873ES MINGW64 /d/zemoso/learning/git/day1-3/git-katas/basic-stashing/exercise (master)
$ ls
bug.txt  file.txt  fix.txt

heart@DESKTOP-AE873ES MINGW64 /d/zemoso/learning/git/day1-3/git-katas/basic-stashing/exercise (master)
$ git status
On branch master
Changes to be committed:
  (use "git restore --staged <file>..." to unstage)
        modified:   file.txt

Changes not staged for commit:
  (use "git add <file>..." to update what will be committed)
  (use "git restore <file>..." to discard changes in working directory)
        modified:   file.txt
        modified:   fix.txt


heart@DESKTOP-AE873ES MINGW64 /d/zemoso/learning/git/day1-3/git-katas/basic-stashing/exercise (master)
$ git drop stash
git: 'drop' is not a git command. See 'git --help'.

The most similar command is
        grep

heart@DESKTOP-AE873ES MINGW64 /d/zemoso/learning/git/day1-3/git-katas/basic-stashing/exercise (master)
$ git stash drop
Dropped refs/stash@{0} (47f28f3d657b0834cd5cd6d0668cd111b5266164)

heart@DESKTOP-AE873ES MINGW64 /d/zemoso/learning/git/day1-3/git-katas/basic-stashing/exercise (master)
$ git stash list

heart@DESKTOP-AE873ES MINGW64 /d/zemoso/learning/git/day1-3/git-katas/basic-stashing/exercise (master)
$ git log --oneline
fb81b3b (HEAD -> master) after stashing
a63425f add bug.txt
83bf9be Initial commit

heart@DESKTOP-AE873ES MINGW64 /d/zemoso/learning/git/day1-3/git-katas/basic-stashing/exercise (master)
$
