
$ git init
Initialized empty Git repository in /home/scrapbook/tutorial/.git/
$ git status
On branch master

No commits yet

Untracked files:
  (use "git add <file>..." to include in what will be committed)

        hello-world.js

nothing added to commit but untracked files present (use "git add" to track)
$ git add -A
$ git commit -m "Initial Hello World Commit"
[master (root-commit) 7bc80ac] Initial Hello World Commit
 1 file changed, 1 insertion(+)
 create mode 100644 hello-world.js
$ echo '*.tmp' > .gitignore
$ git add .gitignore
$ git commit -m "gitignore file"
[master fc2fe39] gitignore file
 1 file changed, 1 insertion(+)
 create mode 100644 .gitignore
$ 




